contents: |
  apiVersion: v1
  kind: Pod
  metadata:
    annotations:
      scheduler.alpha.kubernetes.io/critical-pod: ""
    creationTimestamp: null
    labels:
      k8s-app: kube-controller-manager
    name: kube-controller-manager
    namespace: kube-system
  spec:
    containers:
    - args:
      - --allocate-node-cidrs=true
      - --attach-detach-reconcile-sync-period=1m0s
      - --cloud-provider=aws
      - --cluster-cidr=100.96.0.0/11
      - --cluster-name=minimal.example.com
      - --cluster-signing-cert-file=/srv/kubernetes/ca.crt
      - --cluster-signing-key-file=/srv/kubernetes/ca.key
      - --configure-cloud-routes=true
      - --flex-volume-plugin-dir=/usr/libexec/kubernetes/kubelet-plugins/volume/exec/
      - --kubeconfig=/var/lib/kube-controller-manager/kubeconfig
      - --leader-elect=true
      - --root-ca-file=/srv/kubernetes/ca.crt
      - --service-account-private-key-file=/srv/kubernetes/server.key
      - --use-service-account-credentials=true
      - --v=2
      - --logtostderr=false
      - --alsologtostderr
      - --log-file=/var/log/kube-controller-manager.log
      command:
      - /usr/local/bin/kube-controller-manager
      image: k8s.gcr.io/kube-controller-manager:v1.18.0
      livenessProbe:
        httpGet:
          host: 127.0.0.1
          path: /healthz
          port: 10252
        initialDelaySeconds: 15
        timeoutSeconds: 15
      name: kube-controller-manager
      resources:
        requests:
          cpu: 100m
      volumeMounts:
      - mountPath: /var/log/kube-controller-manager.log
        name: logfile
      - mountPath: /etc/ssl
        name: etcssl
        readOnly: true
      - mountPath: /etc/pki/tls
        name: etcpkitls
        readOnly: true
      - mountPath: /etc/pki/ca-trust
        name: etcpkica-trust
        readOnly: true
      - mountPath: /usr/share/ssl
        name: usrsharessl
        readOnly: true
      - mountPath: /usr/ssl
        name: usrssl
        readOnly: true
      - mountPath: /usr/lib/ssl
        name: usrlibssl
        readOnly: true
      - mountPath: /usr/local/openssl
        name: usrlocalopenssl
        readOnly: true
      - mountPath: /var/ssl
        name: varssl
        readOnly: true
      - mountPath: /etc/openssl
        name: etcopenssl
        readOnly: true
      - mountPath: /srv/kubernetes
        name: srvkube
        readOnly: true
      - mountPath: /var/lib/kube-controller-manager
        name: varlibkcm
        readOnly: true
      - mountPath: /usr/libexec/kubernetes/kubelet-plugins/volume/exec/
        name: volplugins
    hostNetwork: true
    priorityClassName: system-cluster-critical
    tolerations:
    - key: CriticalAddonsOnly
      operator: Exists
    volumes:
    - hostPath:
        path: /var/log/kube-controller-manager.log
      name: logfile
    - hostPath:
        path: /etc/ssl
      name: etcssl
    - hostPath:
        path: /etc/pki/tls
      name: etcpkitls
    - hostPath:
        path: /etc/pki/ca-trust
      name: etcpkica-trust
    - hostPath:
        path: /usr/share/ssl
      name: usrsharessl
    - hostPath:
        path: /usr/ssl
      name: usrssl
    - hostPath:
        path: /usr/lib/ssl
      name: usrlibssl
    - hostPath:
        path: /usr/local/openssl
      name: usrlocalopenssl
    - hostPath:
        path: /var/ssl
      name: varssl
    - hostPath:
        path: /etc/openssl
      name: etcopenssl
    - hostPath:
        path: /srv/kubernetes
      name: srvkube
    - hostPath:
        path: /var/lib/kube-controller-manager
      name: varlibkcm
    - hostPath:
        path: /usr/libexec/kubernetes/kubelet-plugins/volume/exec/
      name: volplugins
  status: {}
path: /etc/kubernetes/manifests/kube-controller-manager.manifest
type: file
---
contents: |
  -----BEGIN RSA PRIVATE KEY-----
  MIIEpAIBAAKCAQEA4JwpEprZ5n8RIEt6jT2lAh+UDgRgx/4px21gjgywQivYHVxH
  AZexVb/E9pBa9Q2G9B1Q7TCO7YsUVRQy4JMDZVt+McFnWVwexnqBYFNcVjkEmDgA
  gvCYGE0P9d/RwRL4KuLHo+u6fv7P0jXMN+CpOxyLhYZZNa0ZOZDHsSiJSQSj9WGF
  GHrbCf0KVDpKieR1uBqHrRO+mLR5zkX2L58m74kjK4dsBhmjeq/7OAoTmiG2QgJ/
  P2IjyhiA2mRqY+hl55lwEUV/0yHYEkJC8LdGkwwZz2eF77aSPGmi/A2CSKgMwDTx
  9m+P7jcpWreYw6NG9BueGoDIve/tgFKwvVFF6QIDAQABAoIBAA0ktjaTfyrAxsTI
  Bezb7Zr5NBW55dvuII299cd6MJo+rI/TRYhvUv48kY8IFXp/hyUjzgeDLunxmIf9
  /Zgsoic9Ol44/g45mMduhcGYPzAAeCdcJ5OB9rR9VfDCXyjYLlN8H8iU0734tTqM
  0V13tQ9zdSqkGPZOIcq/kR/pylbOZaQMe97BTlsAnOMSMKDgnftY4122Lq3GYy+t
  vpr+bKVaQZwvkLoSU3rECCaKaghgwCyX7jft9aEkhdJv+KlwbsGY6WErvxOaLWHd
  cuMQjGapY1Fa/4UD00mvrA260NyKfzrp6+P46RrVMwEYRJMIQ8YBAk6N6Hh7dc0G
  8Z6i1m0CgYEA9HeCJR0TSwbIQ1bDXUrzpftHuidG5BnSBtax/ND9qIPhR/FBW5nj
  22nwLc48KkyirlfIULd0ae4qVXJn7wfYcuX/cJMLDmSVtlM5Dzmi/91xRiFgIzx1
  AsbBzaFjISP2HpSgL+e9FtSXaaqeZVrflitVhYKUpI/AKV31qGHf04sCgYEA6zTV
  99Sb49Wdlns5IgsfnXl6ToRttB18lfEKcVfjAM4frnkk06JpFAZeR+9GGKUXZHqs
  z2qcplw4d/moCC6p3rYPBMLXsrGNEUFZqBlgz72QA6BBq3X0Cg1Bc2ZbK5VIzwkg
  ST2SSux6ccROfgULmN5ZiLOtdUKNEZpFF3i3qtsCgYADT/s7dYFlatobz3kmMnXK
  sfTu2MllHdRys0YGHu7Q8biDuQkhrJwhxPW0KS83g4JQym+0aEfzh36bWcl+u6R7
  KhKj+9oSf9pndgk345gJz35RbPJYh+EuAHNvzdgCAvK6x1jETWeKf6btj5pF1U1i
  Q4QNIw/QiwIXjWZeubTGsQKBgQCbduLu2rLnlyyAaJZM8DlHZyH2gAXbBZpxqU8T
  t9mtkJDUS/KRiEoYGFV9CqS0aXrayVMsDfXY6B/S/UuZjO5u7LtklDzqOf1aKG3Q
  dGXPKibknqqJYH+bnUNjuYYNerETV57lijMGHuSYCf8vwLn3oxBfERRX61M/DU8Z
  worz/QKBgQDCTJI2+jdXg26XuYUmM4XXfnocfzAXhXBULt1nENcogNf1fcptAVtu
  BAiz4/HipQKqoWVUYmxfgbbLRKKLK0s0lOWKbYdVjhEm/m2ZU8wtXTagNwkIGoyq
  Y/C1Lox4f1ROJnCjc/hfcOjcxX5M8A8peecHWlVtUPKTJgxQ7oMKcw==
  -----END RSA PRIVATE KEY-----
mode: "0600"
path: /srv/kubernetes/ca.key
type: file
---
contents: |
  apiVersion: v1
  clusters:
  - cluster:
      certificate-authority-data: LS0tLS1CRUdJTiBDRVJUSUZJQ0FURS0tLS0tCk1JSUMyRENDQWNDZ0F3SUJBZ0lSQUxKWEFrVmo5NjR0cTY3d01TSThvSlF3RFFZSktvWklodmNOQVFFTEJRQXcKRlRFVE1CRUdBMVVFQXhNS2EzVmlaWEp1WlhSbGN6QWVGdzB4TnpFeU1qY3lNelV5TkRCYUZ3MHlOekV5TWpjeQpNelV5TkRCYU1CVXhFekFSQmdOVkJBTVRDbXQxWW1WeWJtVjBaWE13Z2dFaU1BMEdDU3FHU0liM0RRRUJBUVVBCkE0SUJEd0F3Z2dFS0FvSUJBUURnbkNrU210bm1meEVnUzNxTlBhVUNINVFPQkdESC9pbkhiV0NPRExCQ0s5Z2QKWEVjQmw3RlZ2OFQya0ZyMURZYjBIVkR0TUk3dGl4UlZGRExna3dObFczNHh3V2RaWEI3R2VvRmdVMXhXT1FTWQpPQUNDOEpnWVRRLzEzOUhCRXZncTRzZWo2N3ArL3MvU05jdzM0S2s3SEl1RmhsazFyUms1a01leEtJbEpCS1AxCllZVVlldHNKL1FwVU9rcUo1SFc0R29ldEU3Nll0SG5PUmZZdm55YnZpU01yaDJ3R0dhTjZyL3M0Q2hPYUliWkMKQW44L1lpUEtHSURhWkdwajZHWG5tWEFSUlgvVElkZ1NRa0x3dDBhVERCblBaNFh2dHBJOGFhTDhEWUpJcUF6QQpOUEgyYjQvdU55bGF0NWpEbzBiMEc1NGFnTWk5NysyQVVyQzlVVVhwQWdNQkFBR2pJekFoTUE0R0ExVWREd0VCCi93UUVBd0lCQmpBUEJnTlZIUk1CQWY4RUJUQURBUUgvTUEwR0NTcUdTSWIzRFFFQkN3VUFBNElCQVFCVkdSMnIKaHpYelJNVTV3cmlQUUFKU2Nzek5PUnZvQnBYZlpvWjA5Rkl1cHVkRnhCVlUzZDRoVjlTdEtuUWdQU0dBNVhRTwpIRTk3K0J4SkR1QS9yQjVvQlVzTUJqYzd5MWNkZS9UNmhtaTNyTG9FWUJTblN1ZENPWEpFNEc5LzBmOGJ5QUplCnJOOCtObzFyMlZnWnZaaDZwNzRURWtYdi9sM0hCUFdNN0lkVVYwSE85SkRoU2dPVkYxZnlRS0p4UnVMSlI4anQKTzZtUEgyVVgwdk13VmE0anZ3dGtkZHFrMk9BZFlRdkg5cmJEampiemFpVzBLbm1kdWVSbzkyS0hBTjdCc0RaeQpWcFhIcHFvMUt6ZzdEM2ZwYVhDZjVzaTdscXFyZEpWWEg0SkM3Mnp4c1BlaHFnaThlSXVxT0JraURXbVJ4QXhoCjh5R2VSeDlBYmtuSGg0SWEKLS0tLS1FTkQgQ0VSVElGSUNBVEUtLS0tLQo=
      server: https://127.0.0.1
    name: local
  contexts:
  - context:
      cluster: local
      user: kube-controller-manager
    name: service-account-context
  current-context: service-account-context
  kind: Config
  users:
  - name: kube-controller-manager
    user:
      client-certificate-data: LS0tLS1CRUdJTiBDRVJUSUZJQ0FURS0tLS0tCk1JSUMyRENDQWNDZ0F3SUJBZ0lSQUxKWEFrVmo5NjR0cTY3d01TSThvSlF3RFFZSktvWklodmNOQVFFTEJRQXcKRlRFVE1CRUdBMVVFQXhNS2EzVmlaWEp1WlhSbGN6QWVGdzB4TnpFeU1qY3lNelV5TkRCYUZ3MHlOekV5TWpjeQpNelV5TkRCYU1CVXhFekFSQmdOVkJBTVRDbXQxWW1WeWJtVjBaWE13Z2dFaU1BMEdDU3FHU0liM0RRRUJBUVVBCkE0SUJEd0F3Z2dFS0FvSUJBUURnbkNrU210bm1meEVnUzNxTlBhVUNINVFPQkdESC9pbkhiV0NPRExCQ0s5Z2QKWEVjQmw3RlZ2OFQya0ZyMURZYjBIVkR0TUk3dGl4UlZGRExna3dObFczNHh3V2RaWEI3R2VvRmdVMXhXT1FTWQpPQUNDOEpnWVRRLzEzOUhCRXZncTRzZWo2N3ArL3MvU05jdzM0S2s3SEl1RmhsazFyUms1a01leEtJbEpCS1AxCllZVVlldHNKL1FwVU9rcUo1SFc0R29ldEU3Nll0SG5PUmZZdm55YnZpU01yaDJ3R0dhTjZyL3M0Q2hPYUliWkMKQW44L1lpUEtHSURhWkdwajZHWG5tWEFSUlgvVElkZ1NRa0x3dDBhVERCblBaNFh2dHBJOGFhTDhEWUpJcUF6QQpOUEgyYjQvdU55bGF0NWpEbzBiMEc1NGFnTWk5NysyQVVyQzlVVVhwQWdNQkFBR2pJekFoTUE0R0ExVWREd0VCCi93UUVBd0lCQmpBUEJnTlZIUk1CQWY4RUJUQURBUUgvTUEwR0NTcUdTSWIzRFFFQkN3VUFBNElCQVFCVkdSMnIKaHpYelJNVTV3cmlQUUFKU2Nzek5PUnZvQnBYZlpvWjA5Rkl1cHVkRnhCVlUzZDRoVjlTdEtuUWdQU0dBNVhRTwpIRTk3K0J4SkR1QS9yQjVvQlVzTUJqYzd5MWNkZS9UNmhtaTNyTG9FWUJTblN1ZENPWEpFNEc5LzBmOGJ5QUplCnJOOCtObzFyMlZnWnZaaDZwNzRURWtYdi9sM0hCUFdNN0lkVVYwSE85SkRoU2dPVkYxZnlRS0p4UnVMSlI4anQKTzZtUEgyVVgwdk13VmE0anZ3dGtkZHFrMk9BZFlRdkg5cmJEampiemFpVzBLbm1kdWVSbzkyS0hBTjdCc0RaeQpWcFhIcHFvMUt6ZzdEM2ZwYVhDZjVzaTdscXFyZEpWWEg0SkM3Mnp4c1BlaHFnaThlSXVxT0JraURXbVJ4QXhoCjh5R2VSeDlBYmtuSGg0SWEKLS0tLS1FTkQgQ0VSVElGSUNBVEUtLS0tLQo=
      client-key-data: LS0tLS1CRUdJTiBSU0EgUFJJVkFURSBLRVktLS0tLQpNSUlFcEFJQkFBS0NBUUVBNEp3cEVwclo1bjhSSUV0NmpUMmxBaCtVRGdSZ3gvNHB4MjFnamd5d1FpdllIVnhICkFaZXhWYi9FOXBCYTlRMkc5QjFRN1RDTzdZc1VWUlF5NEpNRFpWdCtNY0ZuV1Z3ZXhucUJZRk5jVmprRW1EZ0EKZ3ZDWUdFMFA5ZC9Sd1JMNEt1TEhvK3U2ZnY3UDBqWE1OK0NwT3h5TGhZWlpOYTBaT1pESHNTaUpTUVNqOVdHRgpHSHJiQ2YwS1ZEcEtpZVIxdUJxSHJSTyttTFI1emtYMkw1OG03NGtqSzRkc0JobWplcS83T0FvVG1pRzJRZ0ovClAySWp5aGlBMm1ScVkraGw1NWx3RVVWLzB5SFlFa0pDOExkR2t3d1p6MmVGNzdhU1BHbWkvQTJDU0tnTXdEVHgKOW0rUDdqY3BXcmVZdzZORzlCdWVHb0RJdmUvdGdGS3d2VkZGNlFJREFRQUJBb0lCQUEwa3RqYVRmeXJBeHNUSQpCZXpiN1pyNU5CVzU1ZHZ1SUkyOTljZDZNSm8rckkvVFJZaHZVdjQ4a1k4SUZYcC9oeVVqemdlREx1bnhtSWY5Ci9aZ3NvaWM5T2w0NC9nNDVtTWR1aGNHWVB6QUFlQ2RjSjVPQjlyUjlWZkRDWHlqWUxsTjhIOGlVMDczNHRUcU0KMFYxM3RROXpkU3FrR1BaT0ljcS9rUi9weWxiT1phUU1lOTdCVGxzQW5PTVNNS0RnbmZ0WTQxMjJMcTNHWXkrdAp2cHIrYktWYVFad3ZrTG9TVTNyRUNDYUthZ2hnd0N5WDdqZnQ5YUVraGRKditLbHdic0dZNldFcnZ4T2FMV0hkCmN1TVFqR2FwWTFGYS80VUQwMG12ckEyNjBOeUtmenJwNitQNDZSclZNd0VZUkpNSVE4WUJBazZONkhoN2RjMEcKOFo2aTFtMENnWUVBOUhlQ0pSMFRTd2JJUTFiRFhVcnpwZnRIdWlkRzVCblNCdGF4L05EOXFJUGhSL0ZCVzVuagoyMm53TGM0OEtreWlybGZJVUxkMGFlNHFWWEpuN3dmWWN1WC9jSk1MRG1TVnRsTTVEem1pLzkxeFJpRmdJengxCkFzYkJ6YUZqSVNQMkhwU2dMK2U5RnRTWGFhcWVaVnJmbGl0VmhZS1VwSS9BS1YzMXFHSGYwNHNDZ1lFQTZ6VFYKOTlTYjQ5V2RsbnM1SWdzZm5YbDZUb1J0dEIxOGxmRUtjVmZqQU00ZnJua2swNkpwRkFaZVIrOUdHS1VYWkhxcwp6MnFjcGx3NGQvbW9DQzZwM3JZUEJNTFhzckdORVVGWnFCbGd6NzJRQTZCQnEzWDBDZzFCYzJaYks1Vkl6d2tnClNUMlNTdXg2Y2NST2ZnVUxtTjVaaUxPdGRVS05FWnBGRjNpM3F0c0NnWUFEVC9zN2RZRmxhdG9iejNrbU1uWEsKc2ZUdTJNbGxIZFJ5czBZR0h1N1E4YmlEdVFraHJKd2h4UFcwS1M4M2c0SlF5bSswYUVmemgzNmJXY2wrdTZSNwpLaEtqKzlvU2Y5cG5kZ2szNDVnSnozNVJiUEpZaCtFdUFITnZ6ZGdDQXZLNngxakVUV2VLZjZidGo1cEYxVTFpClE0UU5Jdy9RaXdJWGpXWmV1YlRHc1FLQmdRQ2JkdUx1MnJMbmx5eUFhSlpNOERsSFp5SDJnQVhiQlpweHFVOFQKdDltdGtKRFVTL0tSaUVvWUdGVjlDcVMwYVhyYXlWTXNEZlhZNkIvUy9VdVpqTzV1N0x0a2xEenFPZjFhS0czUQpkR1hQS2lia25xcUpZSCtiblVOanVZWU5lckVUVjU3bGlqTUdIdVNZQ2Y4dndMbjNveEJmRVJSWDYxTS9EVThaCndvcnovUUtCZ1FEQ1RKSTIramRYZzI2WHVZVW1NNFhYZm5vY2Z6QVhoWEJVTHQxbkVOY29nTmYxZmNwdEFWdHUKQkFpejQvSGlwUUtxb1dWVVlteGZnYmJMUktLTEswczBsT1dLYllkVmpoRW0vbTJaVTh3dFhUYWdOd2tJR295cQpZL0MxTG94NGYxUk9KbkNqYy9oZmNPamN4WDVNOEE4cGVlY0hXbFZ0VVBLVEpneFE3b01LY3c9PQotLS0tLUVORCBSU0EgUFJJVkFURSBLRVktLS0tLQo=
mode: "0400"
path: /var/lib/kube-controller-manager/kubeconfig
type: file
---
contents: ""
ifNotExists: true
mode: "0400"
path: /var/log/kube-controller-manager.log
type: file
